<testsuites id="" name="" tests="1" failures="0" skipped="0" errors="0" time="45.57243">
<testsuite name="HomePage.spec.js" timestamp="2025-08-19T08:34:28.355Z" hostname="firefox" tests="1" failures="0" skipped="0" time="40.216" errors="0">
<testcase name="Home Page › TC_34 : Validate &quot;Back to Top&quot; button navigates user to the top of the page" classname="HomePage.spec.js" time="40.216">
<system-out>
<![CDATA[Scroll position after clicking "Back to Top": 0
]]>
</system-out>
</testcase>
</testsuite>
</testsuites>